W0927 23:56:26.283000 513173 torch/distributed/run.py:792] 
W0927 23:56:26.283000 513173 torch/distributed/run.py:792] *****************************************
W0927 23:56:26.283000 513173 torch/distributed/run.py:792] Setting OMP_NUM_THREADS environment variable for each process to be 1 in default, to avoid your system being overloaded, please further tune the variable for optimal performance in your application as needed. 
W0927 23:56:26.283000 513173 torch/distributed/run.py:792] *****************************************
swanlab: Tracking run with swanlab version 0.7.11
swanlab: Run data will be saved locally in 
/home/jk/work/minimind/trainer/swanlog/run-20260927_235632-bdivuzzpqk51fpkh1dnmm
swanlab: Backing up run MiniMind-DPO-Epoch-1-BatchSize-4-LR-4e-08 locally
swanlab:  ☁️ Run `swanlab sync 
/home/jk/work/minimind/trainer/swanlog/run-20260927_235632-bdivuzzpqk51fpkh1dnmm
` to sync logs to remote server
Model Params: 63.91M
Trainable Params: 63.912M
策略模型总参数量：63.912 M
Model Params: 63.91M
Trainable Params: 63.912M
参考模型总参数量：63.912 M
Generating train split: 0 examples [00:00, ? examples/s]Generating train split: 5806 examples [00:00, 48379.34 examples/s]Generating train split: 13019 examples [00:00, 57301.00 examples/s]Generating train split: 17166 examples [00:00, 57441.69 examples/s]
torch.compile enabled
Epoch:[1/1](20/1073), loss: 0.6771, dpo_loss: 0.6771, aux_loss: 0.0000, learning_rate: 0.00000004, epoch_time: 33.000min
Epoch:[1/1](40/1073), loss: 0.6303, dpo_loss: 0.6303, aux_loss: 0.0000, learning_rate: 0.00000004, epoch_time: 17.000min
Epoch:[1/1](60/1073), loss: 0.6676, dpo_loss: 0.6676, aux_loss: 0.0000, learning_rate: 0.00000004, epoch_time: 12.000min
Epoch:[1/1](80/1073), loss: 0.6466, dpo_loss: 0.6466, aux_loss: 0.0000, learning_rate: 0.00000004, epoch_time: 9.000min
Epoch:[1/1](100/1073), loss: 0.6001, dpo_loss: 0.6001, aux_loss: 0.0000, learning_rate: 0.00000004, epoch_time: 7.000min
Epoch:[1/1](120/1073), loss: 0.6058, dpo_loss: 0.6058, aux_loss: 0.0000, learning_rate: 0.00000004, epoch_time: 6.000min
Epoch:[1/1](140/1073), loss: 0.6218, dpo_loss: 0.6218, aux_loss: 0.0000, learning_rate: 0.00000004, epoch_time: 6.000min
Epoch:[1/1](160/1073), loss: 0.6771, dpo_loss: 0.6771, aux_loss: 0.0000, learning_rate: 0.00000004, epoch_time: 5.000min
Epoch:[1/1](180/1073), loss: 0.6638, dpo_loss: 0.6638, aux_loss: 0.0000, learning_rate: 0.00000004, epoch_time: 4.000min
Epoch:[1/1](200/1073), loss: 0.5492, dpo_loss: 0.5492, aux_loss: 0.0000, learning_rate: 0.00000004, epoch_time: 4.000min
Epoch:[1/1](220/1073), loss: 0.6251, dpo_loss: 0.6251, aux_loss: 0.0000, learning_rate: 0.00000004, epoch_time: 4.000min
Epoch:[1/1](240/1073), loss: 0.6520, dpo_loss: 0.6520, aux_loss: 0.0000, learning_rate: 0.00000004, epoch_time: 3.000min
Epoch:[1/1](260/1073), loss: 0.6146, dpo_loss: 0.6146, aux_loss: 0.0000, learning_rate: 0.00000004, epoch_time: 3.000min
Epoch:[1/1](280/1073), loss: 0.5605, dpo_loss: 0.5605, aux_loss: 0.0000, learning_rate: 0.00000003, epoch_time: 3.000min
Epoch:[1/1](300/1073), loss: 0.5931, dpo_loss: 0.5931, aux_loss: 0.0000, learning_rate: 0.00000003, epoch_time: 3.000min
Epoch:[1/1](320/1073), loss: 0.5327, dpo_loss: 0.5327, aux_loss: 0.0000, learning_rate: 0.00000003, epoch_time: 3.000min
Epoch:[1/1](340/1073), loss: 0.5568, dpo_loss: 0.5568, aux_loss: 0.0000, learning_rate: 0.00000003, epoch_time: 2.000min
Epoch:[1/1](360/1073), loss: 0.5665, dpo_loss: 0.5665, aux_loss: 0.0000, learning_rate: 0.00000003, epoch_time: 2.000min
Epoch:[1/1](380/1073), loss: 0.5583, dpo_loss: 0.5583, aux_loss: 0.0000, learning_rate: 0.00000003, epoch_time: 2.000min
Epoch:[1/1](400/1073), loss: 0.5601, dpo_loss: 0.5601, aux_loss: 0.0000, learning_rate: 0.00000003, epoch_time: 2.000min
Epoch:[1/1](420/1073), loss: 0.5891, dpo_loss: 0.5891, aux_loss: 0.0000, learning_rate: 0.00000003, epoch_time: 2.000min
Epoch:[1/1](440/1073), loss: 0.5493, dpo_loss: 0.5493, aux_loss: 0.0000, learning_rate: 0.00000003, epoch_time: 2.000min
Epoch:[1/1](460/1073), loss: 0.5760, dpo_loss: 0.5760, aux_loss: 0.0000, learning_rate: 0.00000003, epoch_time: 2.000min
Epoch:[1/1](480/1073), loss: 0.5283, dpo_loss: 0.5283, aux_loss: 0.0000, learning_rate: 0.00000002, epoch_time: 2.000min
Epoch:[1/1](500/1073), loss: 0.7051, dpo_loss: 0.7051, aux_loss: 0.0000, learning_rate: 0.00000002, epoch_time: 1.000min
Epoch:[1/1](520/1073), loss: 0.5827, dpo_loss: 0.5827, aux_loss: 0.0000, learning_rate: 0.00000002, epoch_time: 1.000min
Epoch:[1/1](540/1073), loss: 0.6103, dpo_loss: 0.6103, aux_loss: 0.0000, learning_rate: 0.00000002, epoch_time: 1.000min
Epoch:[1/1](560/1073), loss: 0.5848, dpo_loss: 0.5848, aux_loss: 0.0000, learning_rate: 0.00000002, epoch_time: 1.000min
Epoch:[1/1](580/1073), loss: 0.6116, dpo_loss: 0.6116, aux_loss: 0.0000, learning_rate: 0.00000002, epoch_time: 1.000min
Epoch:[1/1](600/1073), loss: 0.6323, dpo_loss: 0.6323, aux_loss: 0.0000, learning_rate: 0.00000002, epoch_time: 1.000min
Epoch:[1/1](620/1073), loss: 0.6022, dpo_loss: 0.6022, aux_loss: 0.0000, learning_rate: 0.00000002, epoch_time: 1.000min
Epoch:[1/1](640/1073), loss: 0.6961, dpo_loss: 0.6961, aux_loss: 0.0000, learning_rate: 0.00000002, epoch_time: 1.000min
Epoch:[1/1](660/1073), loss: 0.6443, dpo_loss: 0.6443, aux_loss: 0.0000, learning_rate: 0.00000002, epoch_time: 1.000min
Epoch:[1/1](680/1073), loss: 0.6338, dpo_loss: 0.6338, aux_loss: 0.0000, learning_rate: 0.00000001, epoch_time: 1.000min
Epoch:[1/1](700/1073), loss: 0.6893, dpo_loss: 0.6893, aux_loss: 0.0000, learning_rate: 0.00000001, epoch_time: 1.000min
Epoch:[1/1](720/1073), loss: 0.6348, dpo_loss: 0.6348, aux_loss: 0.0000, learning_rate: 0.00000001, epoch_time: 1.000min
Epoch:[1/1](740/1073), loss: 0.6722, dpo_loss: 0.6722, aux_loss: 0.0000, learning_rate: 0.00000001, epoch_time: 1.000min
Epoch:[1/1](760/1073), loss: 0.7107, dpo_loss: 0.7107, aux_loss: 0.0000, learning_rate: 0.00000001, epoch_time: 0.000min
Epoch:[1/1](780/1073), loss: 0.5618, dpo_loss: 0.5618, aux_loss: 0.0000, learning_rate: 0.00000001, epoch_time: 0.000min
Epoch:[1/1](800/1073), loss: 0.6203, dpo_loss: 0.6203, aux_loss: 0.0000, learning_rate: 0.00000001, epoch_time: 0.000min
Epoch:[1/1](820/1073), loss: 0.5697, dpo_loss: 0.5697, aux_loss: 0.0000, learning_rate: 0.00000001, epoch_time: 0.000min
Epoch:[1/1](840/1073), loss: 0.5688, dpo_loss: 0.5688, aux_loss: 0.0000, learning_rate: 0.00000001, epoch_time: 0.000min
Epoch:[1/1](860/1073), loss: 0.7250, dpo_loss: 0.7250, aux_loss: 0.0000, learning_rate: 0.00000001, epoch_time: 0.000min
Epoch:[1/1](880/1073), loss: 0.6631, dpo_loss: 0.6631, aux_loss: 0.0000, learning_rate: 0.00000001, epoch_time: 0.000min
Epoch:[1/1](900/1073), loss: 0.5152, dpo_loss: 0.5152, aux_loss: 0.0000, learning_rate: 0.00000001, epoch_time: 0.000min
Epoch:[1/1](920/1073), loss: 0.5835, dpo_loss: 0.5835, aux_loss: 0.0000, learning_rate: 0.00000001, epoch_time: 0.000min
Epoch:[1/1](940/1073), loss: 0.6206, dpo_loss: 0.6206, aux_loss: 0.0000, learning_rate: 0.00000001, epoch_time: 0.000min
Epoch:[1/1](960/1073), loss: 0.6562, dpo_loss: 0.6562, aux_loss: 0.0000, learning_rate: 0.00000000, epoch_time: 0.000min
Epoch:[1/1](980/1073), loss: 0.6340, dpo_loss: 0.6340, aux_loss: 0.0000, learning_rate: 0.00000000, epoch_time: 0.000min
Epoch:[1/1](1000/1073), loss: 0.5631, dpo_loss: 0.5631, aux_loss: 0.0000, learning_rate: 0.00000000, epoch_time: 0.000min
Epoch:[1/1](1020/1073), loss: 0.6005, dpo_loss: 0.6005, aux_loss: 0.0000, learning_rate: 0.00000000, epoch_time: 0.000min
Epoch:[1/1](1040/1073), loss: 0.5953, dpo_loss: 0.5953, aux_loss: 0.0000, learning_rate: 0.00000000, epoch_time: 0.000min
Epoch:[1/1](1060/1073), loss: 0.6808, dpo_loss: 0.6808, aux_loss: 0.0000, learning_rate: 0.00000000, epoch_time: 0.000min
Epoch:[1/1](1073/1073), loss: 0.5616, dpo_loss: 0.5616, aux_loss: 0.0000, learning_rate: 0.00000000, epoch_time: 0.000min
swanlab: Experiment MiniMind-DPO-Epoch-1-BatchSize-4-LR-4e-08 has completed
swanlab:  ☁️ Run `swanlab sync 
/home/jk/work/minimind/trainer/swanlog/run-20260927_235632-bdivuzzpqk51fpkh1dnmm
` to sync logs to remote server
