swanlab: Tracking run with swanlab version 0.7.11
swanlab: Run data will be saved locally in 
/home/jk/work/minimind/trainer/swanlog/run-20260926_222726-bdivuzzpqk51fpkh1dnmm
swanlab: Backing up run 
MiniMind-Pretrain-Epoch-2-BatchSize-32-LearningRate-0.0005 locally
swanlab:  ☁️ Run `swanlab sync 
/home/jk/work/minimind/trainer/swanlog/run-20260926_222726-bdivuzzpqk51fpkh1dnmm
` to sync logs to remote server
Model Params: 63.91M
Trainable Params: 63.912M
Epoch [1/2]: 跳过前25000个step，从step 25001开始
Epoch:[1/2](25020/264651), loss: 2.1353, logits_loss: 2.1353, aux_loss: 0.0000, lr: 0.00049752, epoch_time: 506.0min
Epoch:[1/2](25040/264651), loss: 2.1535, logits_loss: 2.1535, aux_loss: 0.0000, lr: 0.00049752, epoch_time: 405.0min
Epoch:[1/2](25060/264651), loss: 2.3210, logits_loss: 2.3210, aux_loss: 0.0000, lr: 0.00049752, epoch_time: 371.0min
Epoch:[1/2](25080/264651), loss: 2.0342, logits_loss: 2.0342, aux_loss: 0.0000, lr: 0.00049751, epoch_time: 354.0min
Epoch:[1/2](25100/264651), loss: 2.1241, logits_loss: 2.1241, aux_loss: 0.0000, lr: 0.00049751, epoch_time: 345.0min
Epoch:[1/2](25120/264651), loss: 2.3207, logits_loss: 2.3207, aux_loss: 0.0000, lr: 0.00049750, epoch_time: 338.0min
Epoch:[1/2](25140/264651), loss: 2.0765, logits_loss: 2.0765, aux_loss: 0.0000, lr: 0.00049750, epoch_time: 333.0min
Epoch:[1/2](25160/264651), loss: 2.1883, logits_loss: 2.1883, aux_loss: 0.0000, lr: 0.00049750, epoch_time: 330.0min
Epoch:[1/2](25180/264651), loss: 2.1779, logits_loss: 2.1779, aux_loss: 0.0000, lr: 0.00049749, epoch_time: 327.0min
Epoch:[1/2](25200/264651), loss: 2.4804, logits_loss: 2.4804, aux_loss: 0.0000, lr: 0.00049749, epoch_time: 324.0min
Epoch:[1/2](25220/264651), loss: 2.3074, logits_loss: 2.3074, aux_loss: 0.0000, lr: 0.00049748, epoch_time: 322.0min
Epoch:[1/2](25240/264651), loss: 2.0834, logits_loss: 2.0834, aux_loss: 0.0000, lr: 0.00049748, epoch_time: 321.0min
Epoch:[1/2](25260/264651), loss: 2.2322, logits_loss: 2.2322, aux_loss: 0.0000, lr: 0.00049748, epoch_time: 320.0min
Epoch:[1/2](25280/264651), loss: 2.1704, logits_loss: 2.1704, aux_loss: 0.0000, lr: 0.00049747, epoch_time: 319.0min
Epoch:[1/2](25300/264651), loss: 1.9617, logits_loss: 1.9617, aux_loss: 0.0000, lr: 0.00049747, epoch_time: 318.0min
Epoch:[1/2](25320/264651), loss: 2.0796, logits_loss: 2.0796, aux_loss: 0.0000, lr: 0.00049746, epoch_time: 317.0min
Epoch:[1/2](25340/264651), loss: 2.3646, logits_loss: 2.3646, aux_loss: 0.0000, lr: 0.00049746, epoch_time: 316.0min
Epoch:[1/2](25360/264651), loss: 2.2080, logits_loss: 2.2080, aux_loss: 0.0000, lr: 0.00049746, epoch_time: 315.0min
Epoch:[1/2](25380/264651), loss: 2.1011, logits_loss: 2.1011, aux_loss: 0.0000, lr: 0.00049745, epoch_time: 315.0min
Epoch:[1/2](25400/264651), loss: 2.1793, logits_loss: 2.1793, aux_loss: 0.0000, lr: 0.00049745, epoch_time: 314.0min
Epoch:[1/2](25420/264651), loss: 2.0739, logits_loss: 2.0739, aux_loss: 0.0000, lr: 0.00049744, epoch_time: 314.0min
Epoch:[1/2](25440/264651), loss: 2.1918, logits_loss: 2.1918, aux_loss: 0.0000, lr: 0.00049744, epoch_time: 313.0min
Epoch:[1/2](25460/264651), loss: 2.0719, logits_loss: 2.0719, aux_loss: 0.0000, lr: 0.00049744, epoch_time: 313.0min
Epoch:[1/2](25480/264651), loss: 2.4260, logits_loss: 2.4260, aux_loss: 0.0000, lr: 0.00049743, epoch_time: 312.0min
Epoch:[1/2](25500/264651), loss: 2.2915, logits_loss: 2.2915, aux_loss: 0.0000, lr: 0.00049743, epoch_time: 312.0min
Epoch:[1/2](25520/264651), loss: 2.1824, logits_loss: 2.1824, aux_loss: 0.0000, lr: 0.00049742, epoch_time: 418.0min
Epoch:[1/2](25540/264651), loss: 2.0248, logits_loss: 2.0248, aux_loss: 0.0000, lr: 0.00049742, epoch_time: 414.0min
Epoch:[1/2](25560/264651), loss: 2.2119, logits_loss: 2.2119, aux_loss: 0.0000, lr: 0.00049742, epoch_time: 410.0min
Epoch:[1/2](25580/264651), loss: 2.2306, logits_loss: 2.2306, aux_loss: 0.0000, lr: 0.00049741, epoch_time: 406.0min
Epoch:[1/2](25600/264651), loss: 2.2019, logits_loss: 2.2019, aux_loss: 0.0000, lr: 0.00049741, epoch_time: 403.0min
Epoch:[1/2](25620/264651), loss: 2.2557, logits_loss: 2.2557, aux_loss: 0.0000, lr: 0.00049740, epoch_time: 399.0min
Epoch:[1/2](25640/264651), loss: 2.2063, logits_loss: 2.2063, aux_loss: 0.0000, lr: 0.00049740, epoch_time: 777.0min
Epoch:[1/2](25660/264651), loss: 2.3107, logits_loss: 2.3107, aux_loss: 0.0000, lr: 0.00049740, epoch_time: 763.0min
Epoch:[1/2](25680/264651), loss: 2.2337, logits_loss: 2.2337, aux_loss: 0.0000, lr: 0.00049739, epoch_time: 749.0min
Epoch:[1/2](25700/264651), loss: 2.2265, logits_loss: 2.2265, aux_loss: 0.0000, lr: 0.00049739, epoch_time: 736.0min
Epoch:[1/2](25720/264651), loss: 2.1049, logits_loss: 2.1049, aux_loss: 0.0000, lr: 0.00049738, epoch_time: 724.0min
Epoch:[1/2](25740/264651), loss: 2.2249, logits_loss: 2.2249, aux_loss: 0.0000, lr: 0.00049738, epoch_time: 713.0min
Epoch:[1/2](25760/264651), loss: 2.3341, logits_loss: 2.3341, aux_loss: 0.0000, lr: 0.00049738, epoch_time: 702.0min
Epoch:[1/2](25780/264651), loss: 2.1143, logits_loss: 2.1143, aux_loss: 0.0000, lr: 0.00049737, epoch_time: 692.0min
Epoch:[1/2](25800/264651), loss: 2.2621, logits_loss: 2.2621, aux_loss: 0.0000, lr: 0.00049737, epoch_time: 682.0min
Epoch:[1/2](25820/264651), loss: 2.2707, logits_loss: 2.2707, aux_loss: 0.0000, lr: 0.00049736, epoch_time: 673.0min
Epoch:[1/2](25840/264651), loss: 1.9568, logits_loss: 1.9568, aux_loss: 0.0000, lr: 0.00049736, epoch_time: 664.0min
Epoch:[1/2](25860/264651), loss: 2.2369, logits_loss: 2.2369, aux_loss: 0.0000, lr: 0.00049735, epoch_time: 655.0min
Epoch:[1/2](25880/264651), loss: 2.1584, logits_loss: 2.1584, aux_loss: 0.0000, lr: 0.00049735, epoch_time: 647.0min
Epoch:[1/2](25900/264651), loss: 2.2931, logits_loss: 2.2931, aux_loss: 0.0000, lr: 0.00049735, epoch_time: 910.0min
Epoch:[1/2](25920/264651), loss: 2.2921, logits_loss: 2.2921, aux_loss: 0.0000, lr: 0.00049734, epoch_time: 897.0min
Epoch:[1/2](25940/264651), loss: 2.0697, logits_loss: 2.0697, aux_loss: 0.0000, lr: 0.00049734, epoch_time: 884.0min
Epoch:[1/2](25960/264651), loss: 2.1613, logits_loss: 2.1613, aux_loss: 0.0000, lr: 0.00049733, epoch_time: 872.0min
Epoch:[1/2](25980/264651), loss: 2.2707, logits_loss: 2.2707, aux_loss: 0.0000, lr: 0.00049733, epoch_time: 860.0min
Epoch:[1/2](26000/264651), loss: 2.0861, logits_loss: 2.0861, aux_loss: 0.0000, lr: 0.00049733, epoch_time: 849.0min
Epoch:[1/2](26020/264651), loss: 2.1502, logits_loss: 2.1502, aux_loss: 0.0000, lr: 0.00049732, epoch_time: 891.0min
Epoch:[1/2](26040/264651), loss: 2.3606, logits_loss: 2.3606, aux_loss: 0.0000, lr: 0.00049732, epoch_time: 879.0min
Epoch:[1/2](26060/264651), loss: 2.0737, logits_loss: 2.0737, aux_loss: 0.0000, lr: 0.00049731, epoch_time: 868.0min
Epoch:[1/2](26080/264651), loss: 2.2201, logits_loss: 2.2201, aux_loss: 0.0000, lr: 0.00049731, epoch_time: 858.0min
Epoch:[1/2](26100/264651), loss: 2.2715, logits_loss: 2.2715, aux_loss: 0.0000, lr: 0.00049731, epoch_time: 848.0min
Epoch:[1/2](26120/264651), loss: 2.3034, logits_loss: 2.3034, aux_loss: 0.0000, lr: 0.00049730, epoch_time: 838.0min
Epoch:[1/2](26140/264651), loss: 2.0896, logits_loss: 2.0896, aux_loss: 0.0000, lr: 0.00049730, epoch_time: 828.0min
Epoch:[1/2](26160/264651), loss: 2.2113, logits_loss: 2.2113, aux_loss: 0.0000, lr: 0.00049729, epoch_time: 819.0min
Epoch:[1/2](26180/264651), loss: 2.0915, logits_loss: 2.0915, aux_loss: 0.0000, lr: 0.00049729, epoch_time: 811.0min
Epoch:[1/2](26200/264651), loss: 2.2235, logits_loss: 2.2235, aux_loss: 0.0000, lr: 0.00049728, epoch_time: 1005.0min
Epoch:[1/2](26220/264651), loss: 2.2271, logits_loss: 2.2271, aux_loss: 0.0000, lr: 0.00049728, epoch_time: 993.0min
Epoch:[1/2](26240/264651), loss: 2.2309, logits_loss: 2.2309, aux_loss: 0.0000, lr: 0.00049728, epoch_time: 982.0min
Epoch:[1/2](26260/264651), loss: 2.1800, logits_loss: 2.1800, aux_loss: 0.0000, lr: 0.00049727, epoch_time: 971.0min
Epoch:[1/2](26280/264651), loss: 2.2738, logits_loss: 2.2738, aux_loss: 0.0000, lr: 0.00049727, epoch_time: 960.0min
Epoch:[1/2](26300/264651), loss: 2.2506, logits_loss: 2.2506, aux_loss: 0.0000, lr: 0.00049726, epoch_time: 950.0min
Epoch:[1/2](26320/264651), loss: 2.2088, logits_loss: 2.2088, aux_loss: 0.0000, lr: 0.00049726, epoch_time: 940.0min
Epoch:[1/2](26340/264651), loss: 2.0778, logits_loss: 2.0778, aux_loss: 0.0000, lr: 0.00049726, epoch_time: 931.0min
Epoch:[1/2](26360/264651), loss: 2.1101, logits_loss: 2.1101, aux_loss: 0.0000, lr: 0.00049725, epoch_time: 921.0min
Epoch:[1/2](26380/264651), loss: 2.1266, logits_loss: 2.1266, aux_loss: 0.0000, lr: 0.00049725, epoch_time: 912.0min
Epoch:[1/2](26400/264651), loss: 2.2668, logits_loss: 2.2668, aux_loss: 0.0000, lr: 0.00049724, epoch_time: 1077.0min
Epoch:[1/2](26420/264651), loss: 2.1298, logits_loss: 2.1298, aux_loss: 0.0000, lr: 0.00049724, epoch_time: 1066.0min
Epoch:[1/2](26440/264651), loss: 2.1052, logits_loss: 2.1052, aux_loss: 0.0000, lr: 0.00049724, epoch_time: 1055.0min
Epoch:[1/2](26460/264651), loss: 2.1981, logits_loss: 2.1981, aux_loss: 0.0000, lr: 0.00049723, epoch_time: 1045.0min
Epoch:[1/2](26480/264651), loss: 2.1596, logits_loss: 2.1596, aux_loss: 0.0000, lr: 0.00049723, epoch_time: 1035.0min
Epoch:[1/2](26500/264651), loss: 2.2631, logits_loss: 2.2631, aux_loss: 0.0000, lr: 0.00049722, epoch_time: 1025.0min
Epoch:[1/2](26520/264651), loss: 1.9785, logits_loss: 1.9785, aux_loss: 0.0000, lr: 0.00049722, epoch_time: 1052.0min
Epoch:[1/2](26540/264651), loss: 2.3154, logits_loss: 2.3154, aux_loss: 0.0000, lr: 0.00049721, epoch_time: 1042.0min
Epoch:[1/2](26560/264651), loss: 2.1307, logits_loss: 2.1307, aux_loss: 0.0000, lr: 0.00049721, epoch_time: 1033.0min
Epoch:[1/2](26580/264651), loss: 2.0539, logits_loss: 2.0539, aux_loss: 0.0000, lr: 0.00049721, epoch_time: 1024.0min
Epoch:[1/2](26600/264651), loss: 2.3810, logits_loss: 2.3810, aux_loss: 0.0000, lr: 0.00049720, epoch_time: 1014.0min
Epoch:[1/2](26620/264651), loss: 2.1771, logits_loss: 2.1771, aux_loss: 0.0000, lr: 0.00049720, epoch_time: 1006.0min
Epoch:[1/2](26640/264651), loss: 2.2813, logits_loss: 2.2813, aux_loss: 0.0000, lr: 0.00049719, epoch_time: 997.0min
Epoch:[1/2](26660/264651), loss: 2.1818, logits_loss: 2.1818, aux_loss: 0.0000, lr: 0.00049719, epoch_time: 988.0min
swanlab: Tracking run with swanlab version 0.7.11
swanlab: Run data will be saved locally in 
/home/jk/work/minimind/trainer/swanlog/run-20260926_223523-bdivuzzpqk51fpkh1dnmm
swanlab: Backing up run 
MiniMind-Pretrain-Epoch-2-BatchSize-32-LearningRate-0.0005 locally
swanlab:  ☁️ Run `swanlab sync 
/home/jk/work/minimind/trainer/swanlog/run-20260926_223523-bdivuzzpqk51fpkh1dnmm
` to sync logs to remote server
Model Params: 63.91M
Trainable Params: 63.912M
Epoch [1/2]: 跳过前26500个step，从step 26501开始
Epoch:[1/2](26520/264651), loss: 1.9802, logits_loss: 1.9802, aux_loss: 0.0000, lr: 0.00049722, epoch_time: 511.0min
Epoch:[1/2](26540/264651), loss: 2.3155, logits_loss: 2.3155, aux_loss: 0.0000, lr: 0.00049721, epoch_time: 407.0min
Epoch:[1/2](26560/264651), loss: 2.1310, logits_loss: 2.1310, aux_loss: 0.0000, lr: 0.00049721, epoch_time: 372.0min
Epoch:[1/2](26580/264651), loss: 2.0527, logits_loss: 2.0527, aux_loss: 0.0000, lr: 0.00049721, epoch_time: 355.0min
Epoch:[1/2](26600/264651), loss: 2.3810, logits_loss: 2.3810, aux_loss: 0.0000, lr: 0.00049720, epoch_time: 345.0min
Epoch:[1/2](26620/264651), loss: 2.1789, logits_loss: 2.1789, aux_loss: 0.0000, lr: 0.00049720, epoch_time: 338.0min
Epoch:[1/2](26640/264651), loss: 2.2800, logits_loss: 2.2800, aux_loss: 0.0000, lr: 0.00049719, epoch_time: 333.0min
Epoch:[1/2](26660/264651), loss: 2.1810, logits_loss: 2.1810, aux_loss: 0.0000, lr: 0.00049719, epoch_time: 329.0min
Epoch:[1/2](26680/264651), loss: 2.2902, logits_loss: 2.2902, aux_loss: 0.0000, lr: 0.00049718, epoch_time: 326.0min
Epoch:[1/2](26700/264651), loss: 2.2998, logits_loss: 2.2998, aux_loss: 0.0000, lr: 0.00049718, epoch_time: 324.0min
Epoch:[1/2](26720/264651), loss: 2.4773, logits_loss: 2.4773, aux_loss: 0.0000, lr: 0.00049718, epoch_time: 322.0min
Epoch:[1/2](26740/264651), loss: 2.0705, logits_loss: 2.0705, aux_loss: 0.0000, lr: 0.00049717, epoch_time: 320.0min
Epoch:[1/2](26760/264651), loss: 2.1059, logits_loss: 2.1059, aux_loss: 0.0000, lr: 0.00049717, epoch_time: 319.0min
Epoch:[1/2](26780/264651), loss: 2.1462, logits_loss: 2.1462, aux_loss: 0.0000, lr: 0.00049716, epoch_time: 1184.0min
Epoch:[1/2](26800/264651), loss: 2.0663, logits_loss: 2.0663, aux_loss: 0.0000, lr: 0.00049716, epoch_time: 1125.0min
Epoch:[1/2](26820/264651), loss: 2.2289, logits_loss: 2.2289, aux_loss: 0.0000, lr: 0.00049716, epoch_time: 1073.0min
Epoch:[1/2](26840/264651), loss: 2.0591, logits_loss: 2.0591, aux_loss: 0.0000, lr: 0.00049715, epoch_time: 1028.0min
Epoch:[1/2](26860/264651), loss: 2.1224, logits_loss: 2.1224, aux_loss: 0.0000, lr: 0.00049715, epoch_time: 987.0min
Epoch:[1/2](26880/264651), loss: 2.1559, logits_loss: 2.1559, aux_loss: 0.0000, lr: 0.00049714, epoch_time: 951.0min
Epoch:[1/2](26900/264651), loss: 2.1573, logits_loss: 2.1573, aux_loss: 0.0000, lr: 0.00049714, epoch_time: 919.0min
Epoch:[1/2](26920/264651), loss: 2.1880, logits_loss: 2.1880, aux_loss: 0.0000, lr: 0.00049713, epoch_time: 889.0min
Epoch:[1/2](26940/264651), loss: 2.0810, logits_loss: 2.0810, aux_loss: 0.0000, lr: 0.00049713, epoch_time: 863.0min
Epoch:[1/2](26960/264651), loss: 2.5280, logits_loss: 2.5280, aux_loss: 0.0000, lr: 0.00049713, epoch_time: 838.0min
Epoch:[1/2](26980/264651), loss: 2.2292, logits_loss: 2.2292, aux_loss: 0.0000, lr: 0.00049712, epoch_time: 1320.0min
Epoch:[1/2](27000/264651), loss: 2.4256, logits_loss: 2.4256, aux_loss: 0.0000, lr: 0.00049712, epoch_time: 1280.0min
Epoch:[1/2](27020/264651), loss: 1.9619, logits_loss: 1.9619, aux_loss: 0.0000, lr: 0.00049711, epoch_time: 1347.0min
Epoch:[1/2](27040/264651), loss: 2.3094, logits_loss: 2.3094, aux_loss: 0.0000, lr: 0.00049711, epoch_time: 1308.0min
Epoch:[1/2](27060/264651), loss: 2.1998, logits_loss: 2.1998, aux_loss: 0.0000, lr: 0.00049710, epoch_time: 1272.0min
Epoch:[1/2](27080/264651), loss: 2.1843, logits_loss: 2.1843, aux_loss: 0.0000, lr: 0.00049710, epoch_time: 1238.0min
Epoch:[1/2](27100/264651), loss: 2.1136, logits_loss: 2.1136, aux_loss: 0.0000, lr: 0.00049710, epoch_time: 1207.0min
Epoch:[1/2](27120/264651), loss: 2.1486, logits_loss: 2.1486, aux_loss: 0.0000, lr: 0.00049709, epoch_time: 1178.0min
Epoch:[1/2](27140/264651), loss: 2.5055, logits_loss: 2.5055, aux_loss: 0.0000, lr: 0.00049709, epoch_time: 1150.0min
Epoch:[1/2](27160/264651), loss: 2.2169, logits_loss: 2.2169, aux_loss: 0.0000, lr: 0.00049708, epoch_time: 1124.0min
Epoch:[1/2](27180/264651), loss: 2.0643, logits_loss: 2.0643, aux_loss: 0.0000, lr: 0.00049708, epoch_time: 1100.0min
Epoch:[1/2](27200/264651), loss: 2.1741, logits_loss: 2.1741, aux_loss: 0.0000, lr: 0.00049707, epoch_time: 1077.0min
Epoch:[1/2](27220/264651), loss: 2.1327, logits_loss: 2.1327, aux_loss: 0.0000, lr: 0.00049707, epoch_time: 1056.0min
Epoch:[1/2](27240/264651), loss: 2.1032, logits_loss: 2.1032, aux_loss: 0.0000, lr: 0.00049707, epoch_time: 1035.0min
Epoch:[1/2](27260/264651), loss: 2.0841, logits_loss: 2.0841, aux_loss: 0.0000, lr: 0.00049706, epoch_time: 1334.0min
Epoch:[1/2](27280/264651), loss: 2.2972, logits_loss: 2.2972, aux_loss: 0.0000, lr: 0.00049706, epoch_time: 1308.0min
Epoch:[1/2](27300/264651), loss: 2.1711, logits_loss: 2.1711, aux_loss: 0.0000, lr: 0.00049705, epoch_time: 1282.0min
Epoch:[1/2](27320/264651), loss: 2.2222, logits_loss: 2.2222, aux_loss: 0.0000, lr: 0.00049705, epoch_time: 1258.0min
Epoch:[1/2](27340/264651), loss: 1.9627, logits_loss: 1.9627, aux_loss: 0.0000, lr: 0.00049704, epoch_time: 1236.0min
Epoch:[1/2](27360/264651), loss: 2.0632, logits_loss: 2.0632, aux_loss: 0.0000, lr: 0.00049704, epoch_time: 1214.0min
Epoch:[1/2](27380/264651), loss: 2.2094, logits_loss: 2.2094, aux_loss: 0.0000, lr: 0.00049704, epoch_time: 1193.0min
Epoch:[1/2](27400/264651), loss: 2.3718, logits_loss: 2.3718, aux_loss: 0.0000, lr: 0.00049703, epoch_time: 1173.0min
Epoch:[1/2](27420/264651), loss: 2.0035, logits_loss: 2.0035, aux_loss: 0.0000, lr: 0.00049703, epoch_time: 1154.0min
Epoch:[1/2](27440/264651), loss: 2.1628, logits_loss: 2.1628, aux_loss: 0.0000, lr: 0.00049702, epoch_time: 1136.0min
Epoch:[1/2](27460/264651), loss: 2.2621, logits_loss: 2.2621, aux_loss: 0.0000, lr: 0.00049702, epoch_time: 1118.0min
Epoch:[1/2](27480/264651), loss: 2.2888, logits_loss: 2.2888, aux_loss: 0.0000, lr: 0.00049701, epoch_time: 1101.0min
Epoch:[1/2](27500/264651), loss: 2.2266, logits_loss: 2.2266, aux_loss: 0.0000, lr: 0.00049701, epoch_time: 1085.0min
Epoch:[1/2](27520/264651), loss: 2.2894, logits_loss: 2.2894, aux_loss: 0.0000, lr: 0.00049701, epoch_time: 1122.0min
Epoch:[1/2](27540/264651), loss: 2.1305, logits_loss: 2.1305, aux_loss: 0.0000, lr: 0.00049700, epoch_time: 1106.0min
Epoch:[1/2](27560/264651), loss: 2.1791, logits_loss: 2.1791, aux_loss: 0.0000, lr: 0.00049700, epoch_time: 1091.0min
Epoch:[1/2](27580/264651), loss: 2.1075, logits_loss: 2.1075, aux_loss: 0.0000, lr: 0.00049699, epoch_time: 1076.0min
Epoch:[1/2](27600/264651), loss: 2.1054, logits_loss: 2.1054, aux_loss: 0.0000, lr: 0.00049699, epoch_time: 1062.0min
Epoch:[1/2](27620/264651), loss: 2.1357, logits_loss: 2.1357, aux_loss: 0.0000, lr: 0.00049698, epoch_time: 1264.0min
Epoch:[1/2](27640/264651), loss: 2.2162, logits_loss: 2.2162, aux_loss: 0.0000, lr: 0.00049698, epoch_time: 1247.0min
Epoch:[1/2](27660/264651), loss: 2.1969, logits_loss: 2.1969, aux_loss: 0.0000, lr: 0.00049697, epoch_time: 1231.0min
Epoch:[1/2](27680/264651), loss: 2.1405, logits_loss: 2.1405, aux_loss: 0.0000, lr: 0.00049697, epoch_time: 1215.0min
Epoch:[1/2](27700/264651), loss: 2.2572, logits_loss: 2.2572, aux_loss: 0.0000, lr: 0.00049697, epoch_time: 1200.0min
Epoch:[1/2](27720/264651), loss: 2.2026, logits_loss: 2.2026, aux_loss: 0.0000, lr: 0.00049696, epoch_time: 1185.0min
Epoch:[1/2](27740/264651), loss: 2.3704, logits_loss: 2.3704, aux_loss: 0.0000, lr: 0.00049696, epoch_time: 1170.0min
Epoch:[1/2](27760/264651), loss: 2.3023, logits_loss: 2.3023, aux_loss: 0.0000, lr: 0.00049695, epoch_time: 1157.0min
Epoch:[1/2](27780/264651), loss: 2.1058, logits_loss: 2.1058, aux_loss: 0.0000, lr: 0.00049695, epoch_time: 1143.0min
Epoch:[1/2](27800/264651), loss: 2.2984, logits_loss: 2.2984, aux_loss: 0.0000, lr: 0.00049694, epoch_time: 1130.0min
Epoch:[1/2](27820/264651), loss: 2.1776, logits_loss: 2.1776, aux_loss: 0.0000, lr: 0.00049694, epoch_time: 1300.0min
Epoch:[1/2](27840/264651), loss: 2.0915, logits_loss: 2.0915, aux_loss: 0.0000, lr: 0.00049694, epoch_time: 1285.0min
Epoch:[1/2](27860/264651), loss: 2.1555, logits_loss: 2.1555, aux_loss: 0.0000, lr: 0.00049693, epoch_time: 1271.0min
Epoch:[1/2](27880/264651), loss: 2.3735, logits_loss: 2.3735, aux_loss: 0.0000, lr: 0.00049693, epoch_time: 1256.0min
Epoch:[1/2](27900/264651), loss: 2.1407, logits_loss: 2.1407, aux_loss: 0.0000, lr: 0.00049692, epoch_time: 1243.0min
Epoch:[1/2](27920/264651), loss: 2.1897, logits_loss: 2.1897, aux_loss: 0.0000, lr: 0.00049692, epoch_time: 1229.0min
Epoch:[1/2](27940/264651), loss: 2.1219, logits_loss: 2.1219, aux_loss: 0.0000, lr: 0.00049691, epoch_time: 1216.0min
Epoch:[1/2](27960/264651), loss: 2.0565, logits_loss: 2.0565, aux_loss: 0.0000, lr: 0.00049691, epoch_time: 1204.0min
Epoch:[1/2](27980/264651), loss: 2.1348, logits_loss: 2.1348, aux_loss: 0.0000, lr: 0.00049690, epoch_time: 1191.0min
Epoch:[1/2](28000/264651), loss: 2.1009, logits_loss: 2.1009, aux_loss: 0.0000, lr: 0.00049690, epoch_time: 1179.0min
Epoch:[1/2](28020/264651), loss: 1.9699, logits_loss: 1.9699, aux_loss: 0.0000, lr: 0.00049690, epoch_time: 1205.0min
Epoch:[1/2](28040/264651), loss: 2.3188, logits_loss: 2.3188, aux_loss: 0.0000, lr: 0.00049689, epoch_time: 1193.0min
Epoch:[1/2](28060/264651), loss: 2.1040, logits_loss: 2.1040, aux_loss: 0.0000, lr: 0.00049689, epoch_time: 1181.0min
Epoch:[1/2](28080/264651), loss: 2.1679, logits_loss: 2.1679, aux_loss: 0.0000, lr: 0.00049688, epoch_time: 1170.0min
Epoch:[1/2](28100/264651), loss: 2.0071, logits_loss: 2.0071, aux_loss: 0.0000, lr: 0.00049688, epoch_time: 1159.0min
Epoch:[1/2](28120/264651), loss: 2.2038, logits_loss: 2.2038, aux_loss: 0.0000, lr: 0.00049687, epoch_time: 1148.0min
Epoch:[1/2](28140/264651), loss: 2.5279, logits_loss: 2.5279, aux_loss: 0.0000, lr: 0.00049687, epoch_time: 1138.0min
Epoch:[1/2](28160/264651), loss: 2.1492, logits_loss: 2.1492, aux_loss: 0.0000, lr: 0.00049686, epoch_time: 1128.0min
Epoch:[1/2](28180/264651), loss: 2.0955, logits_loss: 2.0955, aux_loss: 0.0000, lr: 0.00049686, epoch_time: 1261.0min
Epoch:[1/2](28200/264651), loss: 2.2659, logits_loss: 2.2659, aux_loss: 0.0000, lr: 0.00049686, epoch_time: 1250.0min
Epoch:[1/2](28220/264651), loss: 2.1162, logits_loss: 2.1162, aux_loss: 0.0000, lr: 0.00049685, epoch_time: 1239.0min
Epoch:[1/2](28240/264651), loss: 2.1734, logits_loss: 2.1734, aux_loss: 0.0000, lr: 0.00049685, epoch_time: 1228.0min
Epoch:[1/2](28260/264651), loss: 2.1622, logits_loss: 2.1622, aux_loss: 0.0000, lr: 0.00049684, epoch_time: 1217.0min
Epoch:[1/2](28280/264651), loss: 2.1777, logits_loss: 2.1777, aux_loss: 0.0000, lr: 0.00049684, epoch_time: 1207.0min
Epoch:[1/2](28300/264651), loss: 2.2258, logits_loss: 2.2258, aux_loss: 0.0000, lr: 0.00049683, epoch_time: 1197.0min
Epoch:[1/2](28320/264651), loss: 2.2809, logits_loss: 2.2809, aux_loss: 0.0000, lr: 0.00049683, epoch_time: 1187.0min
Epoch:[1/2](28340/264651), loss: 2.2083, logits_loss: 2.2083, aux_loss: 0.0000, lr: 0.00049682, epoch_time: 1177.0min
Epoch:[1/2](28360/264651), loss: 2.0327, logits_loss: 2.0327, aux_loss: 0.0000, lr: 0.00049682, epoch_time: 1167.0min
Epoch:[1/2](28380/264651), loss: 2.1287, logits_loss: 2.1287, aux_loss: 0.0000, lr: 0.00049682, epoch_time: 1158.0min
Epoch:[1/2](28400/264651), loss: 2.4072, logits_loss: 2.4072, aux_loss: 0.0000, lr: 0.00049681, epoch_time: 1149.0min
Epoch:[1/2](28420/264651), loss: 2.0920, logits_loss: 2.0920, aux_loss: 0.0000, lr: 0.00049681, epoch_time: 1140.0min
Epoch:[1/2](28440/264651), loss: 2.3182, logits_loss: 2.3182, aux_loss: 0.0000, lr: 0.00049680, epoch_time: 1255.0min
Epoch:[1/2](28460/264651), loss: 2.5519, logits_loss: 2.5519, aux_loss: 0.0000, lr: 0.00049680, epoch_time: 1245.0min
Epoch:[1/2](28480/264651), loss: 2.1396, logits_loss: 2.1396, aux_loss: 0.0000, lr: 0.00049679, epoch_time: 1236.0min
Epoch:[1/2](28500/264651), loss: 2.1820, logits_loss: 2.1820, aux_loss: 0.0000, lr: 0.00049679, epoch_time: 1226.0min
Epoch:[1/2](28520/264651), loss: 2.2762, logits_loss: 2.2762, aux_loss: 0.0000, lr: 0.00049678, epoch_time: 1244.0min
Epoch:[1/2](28540/264651), loss: 2.0458, logits_loss: 2.0458, aux_loss: 0.0000, lr: 0.00049678, epoch_time: 1235.0min
Epoch:[1/2](28560/264651), loss: 2.3482, logits_loss: 2.3482, aux_loss: 0.0000, lr: 0.00049678, epoch_time: 1225.0min
Epoch:[1/2](28580/264651), loss: 2.4047, logits_loss: 2.4047, aux_loss: 0.0000, lr: 0.00049677, epoch_time: 1216.0min
Epoch:[1/2](28600/264651), loss: 2.0006, logits_loss: 2.0006, aux_loss: 0.0000, lr: 0.00049677, epoch_time: 1208.0min
Epoch:[1/2](28620/264651), loss: 2.1314, logits_loss: 2.1314, aux_loss: 0.0000, lr: 0.00049676, epoch_time: 1199.0min
Epoch:[1/2](28640/264651), loss: 1.9883, logits_loss: 1.9883, aux_loss: 0.0000, lr: 0.00049676, epoch_time: 1190.0min
Epoch:[1/2](28660/264651), loss: 1.8783, logits_loss: 1.8783, aux_loss: 0.0000, lr: 0.00049675, epoch_time: 1182.0min
Epoch:[1/2](28680/264651), loss: 2.1314, logits_loss: 2.1314, aux_loss: 0.0000, lr: 0.00049675, epoch_time: 1174.0min
Epoch:[1/2](28700/264651), loss: 2.1130, logits_loss: 2.1130, aux_loss: 0.0000, lr: 0.00049674, epoch_time: 1166.0min
Epoch:[1/2](28720/264651), loss: 2.2761, logits_loss: 2.2761, aux_loss: 0.0000, lr: 0.00049674, epoch_time: 1158.0min
